// Jest Snapshot v1, https://goo.gl/fbAQLP

exports[`<Button/> snnapshot 1`] = `
<button
  class="btn btn--medium"
>
  Dummy
</button>
`;
