// Jest Snapshot v1, https://goo.gl/fbAQLP

exports[`<TextField/> snapshot 1`] = `
<input
  class="input"
  data-testid="textfield"
  value=""
/>
`;
